Microchip MPLAB XC8 Compiler V1.45 ()

Linker command line:

-W-3 --edf=C:\Program Files\Microchip\xc8\v1.45\dat\en_msgs.txt -cs \
  -h+dist/default/production\Sha256.X.production.sym \
  --cmf=dist/default/production\Sha256.X.production.cmf -z -Q18F4550 \
  -oC:\Users\Aluno\AppData\Local\Temp\s598.2 \
  -Mdist/default/production/Sha256.X.production.map -E1 -ver=XC8 \
  -ASTACK=02C8h-07ffh -pstack=STACK -ACODE=00h-07FFFh -ACONST=00h-07FFFh \
  -ASMALLCONST=0800h-08FFhx120 -AMEDIUMCONST=0800h-07FFFh -ACOMRAM=01h-05Fh \
  -AABS1=00h-07FFh -ABIGRAM=01h-07FFh -ARAM=060h-0FFh,0100h-01FFhx7 \
  -ABANK0=060h-0FFh -ABANK1=0100h-01FFh -ABANK2=0200h-02FFh \
  -ABANK3=0300h-03FFh -ABANK4=0400h-04FFh -ABANK5=0500h-05FFh \
  -ABANK6=0600h-06FFh -ABANK7=0700h-07FFh -ASFR=0F60h-0FFFh \
  -preset_vec=00h,intcode,intcodelo,powerup,init -pramtop=0800h \
  -psmallconst=SMALLCONST -pmediumconst=MEDIUMCONST -pconst=CONST \
  -AFARRAM=00h-00h -ACONFIG=0300000h-030000Dh -pconfig=CONFIG \
  -AIDLOC=0200000h-0200007h -pidloc=IDLOC -AEEDATA=0F00000h-0F000FFh \
  -peeprom_data=EEDATA \
  -prdata=COMRAM,nvrram=COMRAM,nvbit=COMRAM,rbss=COMRAM,rbit=COMRAM \
  -pfarbss=FARRAM,fardata=FARRAM,nvFARRAM=FARRAM \
  -pintsave_regs=BIGRAM,bigbss=BIGRAM,bigdata=BIGRAM -pbss=RAM \
  -pidata=CODE,irdata=CODE,ibigdata=CODE,ifardata=CODE -prparam=COMRAM \
  C:\Users\Aluno\AppData\Local\Temp\s598.obj \
  dist/default/production\Sha256.X.production.obj 

Object code version is 3.11

Machine type is 18F4550

Call graph: (short form)




                Name                               Link     Load   Length Selector   Space Scale
C:\Users\Aluno\AppData\Local\Temp\s598.obj
                init                                  0        0        4        0       0
                idloc                            200000   200000        8   200000       0
                config                           300000   300000        E   300000       0
dist/default/production\Sha256.X.production.obj
                mediumconst                        7EB6     7EB6      14A     3F5B       0
                text19                             6AC4     6AC4       AE     3562       0
                text18                             693C     693C       78     349E       0
                text17                             6D4C     6D4C      1AC     36A6       0
                text16                             6B72     6B72       E6     35B9       0
                text15                             6C58     6C58       F4     362C       0
                text14                             69B4     69B4       7A     34DA       0
                text13                             6666     6666        C     3333       0
                text12                             67CC     67CC       52     33E6       0
                text11                             6738     6738       46     339C       0
                text10                             66D6     66D6       2C     336B       0
                text9                              6EF8     6EF8      244     377C       0
                text8                              6870     6870       62     3438       0
                text7                              68D2     68D2       6A     3469       0
                text6                              7384     7384      B32     39C2       0
                text5                              681E     681E       52     340F       0
                text4                              66B0     66B0       26     3358       0
                text3                              6672     6672       1E     3339       0
                text2                              713C     713C      248     389E       0
                text1                              677E     677E       4E     33BF       0
                text0                              6A2E     6A2E       96     3517       0
                cstackCOMRAM                          1        1       3F        1       1
                cstackBANK0                          60       60       8E       60       1
                cstackBANK1                         100      100      100      100       1
                cstackBANK2                         200      200       87      200       1
                bssBANK2                            287      287       41      200       1
                dataCOMRAM                           40       40       20        1       1
                cinit                              6702     6702       36     3381       0
                idataCOMRAM                        6690     6690       20     6690       0

TOTAL           Name                               Link     Load   Length     Space
        CLASS   STACK          

        CLASS   CODE           
                init                                  0        0        4         0
                text19                             6AC4     6AC4       AE         0
                text18                             693C     693C       78         0
                text17                             6D4C     6D4C      1AC         0
                text16                             6B72     6B72       E6         0
                text15                             6C58     6C58       F4         0
                text14                             69B4     69B4       7A         0
                text13                             6666     6666        C         0
                text12                             67CC     67CC       52         0
                text11                             6738     6738       46         0
                text10                             66D6     66D6       2C         0
                text9                              6EF8     6EF8      244         0
                text8                              6870     6870       62         0
                text7                              68D2     68D2       6A         0
                text6                              7384     7384      B32         0
                text5                              681E     681E       52         0
                text4                              66B0     66B0       26         0
                text3                              6672     6672       1E         0
                text2                              713C     713C      248         0
                text1                              677E     677E       4E         0
                text0                              6A2E     6A2E       96         0
                cinit                              6702     6702       36         0
                idataCOMRAM                        6690     6690       20         0

        CLASS   CONST          

        CLASS   SMALLCONST     

        CLASS   MEDIUMCONST    
                mediumconst                        7EB6     7EB6      14A         0

        CLASS   COMRAM         
                cstackCOMRAM                          1        1       3F         1
                dataCOMRAM                           40       40       20         1

        CLASS   ABS1           

        CLASS   BIGRAM         

        CLASS   RAM            

        CLASS   BANK0          
                cstackBANK0                          60       60       8E         1

        CLASS   BANK1          
                cstackBANK1                         100      100      100         1

        CLASS   BANK2          
                cstackBANK2                         200      200       87         1
                bssBANK2                            287      287       41         1

        CLASS   BANK3          

        CLASS   BANK4          

        CLASS   BANK5          

        CLASS   BANK6          

        CLASS   BANK7          

        CLASS   SFR            

        CLASS   FARRAM         

        CLASS   CONFIG         
                config                           300000   300000        E         0

        CLASS   IDLOC          
                idloc                            200000   200000        8         0

        CLASS   EEDATA         



SEGMENTS        Name                           Load    Length   Top    Selector   Space  Class

                reset_vec                      000000  000004  000004         0       0  CODE    
                cstackCOMRAM                   000001  00005F  000060         1       1  COMRAM  
                cstackBANK0                    000060  00008E  0000EE        60       1  BANK0   
                cstackBANK1                    000100  000100  000200       100       1  BANK1   
                cstackBANK2                    000200  0000C8  0002C8       200       1  BANK2   
                text13                         006666  00000C  006672      3333       0  CODE    
                text3                          006672  00001E  006690      3339       0  CODE    
                idataCOMRAM                    006690  000020  0066B0      6690       0  CODE    
                text4                          0066B0  000026  0066D6      3358       0  CODE    
                text10                         0066D6  00002C  006702      336B       0  CODE    
                cinit                          006702  000036  006738      3381       0  CODE    
                text11                         006738  000046  00677E      339C       0  CODE    
                text1                          00677E  00004E  0067CC      33BF       0  CODE    
                text12                         0067CC  000052  00681E      33E6       0  CODE    
                text5                          00681E  000052  006870      340F       0  CODE    
                text8                          006870  000062  0068D2      3438       0  CODE    
                text7                          0068D2  00006A  00693C      3469       0  CODE    
                text18                         00693C  000078  0069B4      349E       0  CODE    
                text14                         0069B4  00007A  006A2E      34DA       0  CODE    
                text0                          006A2E  000096  006AC4      3517       0  CODE    
                text19                         006AC4  0000AE  006B72      3562       0  CODE    
                text16                         006B72  0000E6  006C58      35B9       0  CODE    
                text15                         006C58  0000F4  006D4C      362C       0  CODE    
                text17                         006D4C  0001AC  006EF8      36A6       0  CODE    
                text9                          006EF8  000244  00713C      377C       0  CODE    
                text2                          00713C  000248  007384      389E       0  CODE    
                text6                          007384  000B32  007EB6      39C2       0  CODE    
                mediumconst                    007EB6  00014A  008000      3F5B       0  MEDIUMCO
                idloc                          200000  000008  200008    200000       0  IDLOC   
                config                         300000  00000E  30000E    300000       0  CONFIG  


UNUSED ADDRESS RANGES

        Name                Unused          Largest block    Delta
        BANK0            0000EE-0000FF               12
        BANK2            0002C8-0002FF               38
        BANK3            000300-0003FF              100
        BANK4            000400-0004FF              100
        BANK5            000500-0005FF              100
        BANK6            000600-0006FF              100
        BANK7            000700-0007FF              100
        BIGRAM           0000EE-0000FF               12
                         0002C8-0007FF              538
        CODE             000004-006665             6662
        CONST            000004-006665             6662
        EEDATA           F00000-F000FF              100
        MEDIUMCONST      000800-006665             5E66
        RAM              0000EE-0000FF               12
                         0002C8-0007FF              100
        SFR              000F60-000FFF               A0
        SMALLCONST       000800-006665              100
        STACK            0002C8-0007FF              538

                                  Symbol Table

?___altoft                 cstackCOMRAM 000009
?___ftadd                  cstackCOMRAM 000022
?___ftdiv                  cstackCOMRAM 000013
?___ftpack                 cstackCOMRAM 000001
?___fttol                  cstackCOMRAM 000001
?___lwdiv                  cstackCOMRAM 000001
?___wmul                   cstackCOMRAM 000001
?_calc_chunk               cstackCOMRAM 00000C
?_rotate_right             cstackCOMRAM 000001
?_sprintf                  cstackCOMRAM 000008
USART_Init@baud_rate       cstackCOMRAM 00002E
USART_Init@temp            cstackCOMRAM 000032
USART_SendString@out       cstackCOMRAM 000002
USART_TxChar@out           cstackCOMRAM 000001
_RCSTA                     (abs)        000FAB
_SPBRG                     (abs)        000FAF
_TRISC6                    (abs)        007CA6
_TRISC7                    (abs)        007CA7
_TXIF                      (abs)        007CF4
_TXREG                     (abs)        000FAD
_TXSTA                     (abs)        000FAC
_USART_Init                text14       0069B4
_USART_SendString          text12       0067CC
_USART_TxChar              text13       006666
__CFG_BORV$3               (abs)        000000
__CFG_FOSC$HS              (abs)        000000
__CFG_IESO$OFF             (abs)        000000
__CFG_LPT1OSC$OFF          (abs)        000000
__CFG_LVP$OFF              (abs)        000000
__CFG_MCLRE$OFF            (abs)        000000
__CFG_PBADEN$OFF           (abs)        000000
__CFG_PWRT$OFF             (abs)        000000
__CFG_STVREN$ON            (abs)        000000
__CFG_WDT$OFF              (abs)        000000
__CFG_WDTPS$32768          (abs)        000000
__HRAM                     (abs)        000000
__Habs1                    abs1         000000
__Hbank0                   bank0        000000
__Hbank1                   bank1        000000
__Hbank2                   bank2        000000
__Hbank3                   bank3        000000
__Hbank4                   bank4        000000
__Hbank5                   bank5        000000
__Hbank6                   bank6        000000
__Hbank7                   bank7        000000
__Hbigbss                  bigbss       000000
__Hbigdata                 bigdata      000000
__Hbigram                  bigram       000000
__Hbss                     bss          000000
__HbssBANK2                bssBANK2     000000
__Hcinit                   cinit        000000
__Hclrtext                 clrtext      000000
__Hcomram                  comram       000000
__Hconfig                  config       30000E
__Hconst                   const        000000
__HcstackBANK0             cstackBANK0  000000
__HcstackBANK1             cstackBANK1  000000
__HcstackBANK2             cstackBANK2  000000
__HcstackCOMRAM            cstackCOMRAM 000000
__Hdata                    data         000000
__HdataCOMRAM              dataCOMRAM   000000
__Heeprom_data             eeprom_data  000000
__Hfarbss                  farbss       000000
__Hfardata                 fardata      000000
__Hibigdata                ibigdata     000000
__Hidata                   idata        000000
__HidataCOMRAM             idataCOMRAM  000000
__Hidloc                   idloc        200008
__Hifardata                ifardata     000000
__Hinit                    init         000004
__Hintcode                 intcode      000000
__Hintcode_body            intcode_body 000000
__Hintcodelo               intcodelo    000000
__Hintentry                intentry     000000
__Hintret                  intret       000000
__Hintsave_regs            intsave_regs 000000
__Hirdata                  irdata       000000
__Hmediumconst             mediumconst  008000
__HnvFARRAM                nvFARRAM     000000
__Hnvbit                   nvbit        000000
__Hnvrram                  nvrram       000000
__Hparam                   rparam       000000
__Hpowerup                 powerup      000000
__Hram                     ram          000000
__Hramtop                  ramtop       000800
__Hrbit                    rbit         000000
__Hrbss                    rbss         000000
__Hrdata                   rdata        000000
__Hreset_vec               reset_vec    000000
__Hrparam                  rparam       000000
__Hsfr                     sfr          000000
__Hsmallconst              smallconst   000000
__Hspace_0                 (abs)        30000E
__Hspace_1                 (abs)        0002C8
__Hspace_2                 (abs)        000000
__Hstack                   stack        000000
__Hstruct                  struct       000000
__Htemp                    temp         000000
__Htext                    text         000000
__Htext0                   text0        000000
__Htext1                   text1        000000
__Htext10                  text10       000000
__Htext11                  text11       000000
__Htext12                  text12       000000
__Htext13                  text13       000000
__Htext14                  text14       000000
__Htext15                  text15       000000
__Htext16                  text16       000000
__Htext17                  text17       000000
__Htext18                  text18       000000
__Htext19                  text19       000000
__Htext2                   text2        000000
__Htext3                   text3        000000
__Htext4                   text4        000000
__Htext5                   text5        000000
__Htext6                   text6        000000
__Htext7                   text7        000000
__Htext8                   text8        000000
__Htext9                   text9        000000
__LRAM                     (abs)        000001
__Labs1                    abs1         000000
__Lbank0                   bank0        000000
__Lbank1                   bank1        000000
__Lbank2                   bank2        000000
__Lbank3                   bank3        000000
__Lbank4                   bank4        000000
__Lbank5                   bank5        000000
__Lbank6                   bank6        000000
__Lbank7                   bank7        000000
__Lbigbss                  bigbss       000000
__Lbigdata                 bigdata      000000
__Lbigram                  bigram       000000
__Lbss                     bss          000000
__LbssBANK2                bssBANK2     000000
__Lcinit                   cinit        000000
__Lclrtext                 clrtext      000000
__Lcomram                  comram       000000
__Lconfig                  config       300000
__Lconst                   const        000000
__LcstackBANK0             cstackBANK0  000000
__LcstackBANK1             cstackBANK1  000000
__LcstackBANK2             cstackBANK2  000000
__LcstackCOMRAM            cstackCOMRAM 000000
__Ldata                    data         000000
__LdataCOMRAM              dataCOMRAM   000000
__Leeprom_data             eeprom_data  000000
__Lfarbss                  farbss       000000
__Lfardata                 fardata      000000
__Libigdata                ibigdata     000000
__Lidata                   idata        000000
__LidataCOMRAM             idataCOMRAM  000000
__Lidloc                   idloc        200000
__Lifardata                ifardata     000000
__Linit                    init         000000
__Lintcode                 intcode      000000
__Lintcode_body            intcode_body 000000
__Lintcodelo               intcodelo    000000
__Lintentry                intentry     000000
__Lintret                  intret       000000
__Lintsave_regs            intsave_regs 000000
__Lirdata                  irdata       000000
__Lmediumconst             mediumconst  007EB6
__LnvFARRAM                nvFARRAM     000000
__Lnvbit                   nvbit        000000
__Lnvrram                  nvrram       000000
__Lparam                   rparam       000000
__Lpowerup                 powerup      000000
__Lram                     ram          000000
__Lramtop                  ramtop       000800
__Lrbit                    rbit         000000
__Lrbss                    rbss         000000
__Lrdata                   rdata        000000
__Lreset_vec               reset_vec    000000
__Lrparam                  rparam       000000
__Lsfr                     sfr          000000
__Lsmallconst              smallconst   000000
__Lspace_0                 (abs)        000000
__Lspace_1                 (abs)        000000
__Lspace_2                 (abs)        000000
__Lstack                   stack        000000
__Lstruct                  struct       000000
__Ltemp                    temp         000000
__Ltext                    text         000000
__Ltext0                   text0        000000
__Ltext1                   text1        000000
__Ltext10                  text10       000000
__Ltext11                  text11       000000
__Ltext12                  text12       000000
__Ltext13                  text13       000000
__Ltext14                  text14       000000
__Ltext15                  text15       000000
__Ltext16                  text16       000000
__Ltext17                  text17       000000
__Ltext18                  text18       000000
__Ltext19                  text19       000000
__Ltext2                   text2        000000
__Ltext3                   text3        000000
__Ltext4                   text4        000000
__Ltext5                   text5        000000
__Ltext6                   text6        000000
__Ltext7                   text7        000000
__Ltext8                   text8        000000
__Ltext9                   text9        000000
__S0                       (abs)        30000E
__S1                       (abs)        0002C8
__S2                       (abs)        000000
___altoft                  text18       00693C
___altoft@c                cstackCOMRAM 000009
___altoft@exp              cstackCOMRAM 000011
___altoft@sign             cstackCOMRAM 000012
___ftadd                   text17       006D4C
___ftadd@exp1              cstackCOMRAM 00002D
___ftadd@exp2              cstackCOMRAM 00002C
___ftadd@f1                cstackCOMRAM 000022
___ftadd@f2                cstackCOMRAM 000025
___ftadd@sign              cstackCOMRAM 00002B
___ftdiv                   text16       006B72
___ftdiv@cntr              cstackCOMRAM 00001C
___ftdiv@exp               cstackCOMRAM 000020
___ftdiv@f1                cstackCOMRAM 000013
___ftdiv@f2                cstackCOMRAM 000016
___ftdiv@f3                cstackCOMRAM 00001D
___ftdiv@sign              cstackCOMRAM 000021
___ftpack                  text19       006AC4
___ftpack@arg              cstackCOMRAM 000001
___ftpack@exp              cstackCOMRAM 000004
___ftpack@sign             cstackCOMRAM 000005
___fttol                   text15       006C58
___fttol@exp1              cstackCOMRAM 00000F
___fttol@f1                cstackCOMRAM 000001
___fttol@lval              cstackCOMRAM 00000B
___fttol@sign1             cstackCOMRAM 00000A
___inthi_sp                stack        000000
___intlo_sp                stack        000000
___lwdiv                   text5        00681E
___lwdiv@counter           cstackCOMRAM 000007
___lwdiv@dividend          cstackCOMRAM 000001
___lwdiv@divisor           cstackCOMRAM 000003
___lwdiv@quotient          cstackCOMRAM 000005
___param_bank              (abs)        000000
___rparam_used             (abs)        000001
___sp                      stack        000000
___wmul                    text4        0066B0
___wmul@multiplicand       cstackCOMRAM 000003
___wmul@multiplier         cstackCOMRAM 000001
___wmul@product            cstackCOMRAM 000005
__accesstop                (abs)        000060
__activetblptr             (abs)        000002
__end_of_USART_Init        text14       006A2E
__end_of_USART_SendString  text12       00681E
__end_of_USART_TxChar      text13       006672
__end_of___altoft          text18       0069B4
__end_of___ftadd           text17       006EF8
__end_of___ftdiv           text16       006C58
__end_of___ftpack          text19       006B72
__end_of___fttol           text15       006D4C
__end_of___lwdiv           text5        006870
__end_of___wmul            text4        0066D6
__end_of__initialization   cinit        00672E
__end_of_calc_chunk        text9        00713C
__end_of_calc_sha_256      text6        007EB6
__end_of_hash_to_string    text1        0067CC
__end_of_hexpowers         mediumconst  007FBF
__end_of_init_buf_state    text8        0068D2
__end_of_isdigit           text3        006690
__end_of_k                 mediumconst  007FB7
__end_of_main              text0        006AC4
__end_of_memcpy            text11       00677E
__end_of_memset            text10       006702
__end_of_rotate_right      text7        00693C
__end_of_sprintf           text2        007384
__end_of_string            mediumconst  007FCF
__initialization           cinit        006702
__mediumconst              mediumconst  007EB6
__pbssBANK2                bssBANK2     000287
__pcinit                   cinit        006702
__pcstackBANK0             cstackBANK0  000060
__pcstackBANK1             cstackBANK1  000100
__pcstackBANK2             cstackBANK2  000200
__pcstackCOMRAM            cstackCOMRAM 000001
__pdataCOMRAM              dataCOMRAM   000040
__pidataCOMRAM             idataCOMRAM  006690
__pmediumconst             mediumconst  007EB6
__ptext0                   text0        006A2E
__ptext1                   text1        00677E
__ptext10                  text10       0066D6
__ptext11                  text11       006738
__ptext12                  text12       0067CC
__ptext13                  text13       006666
__ptext14                  text14       0069B4
__ptext15                  text15       006C58
__ptext16                  text16       006B72
__ptext17                  text17       006D4C
__ptext18                  text18       00693C
__ptext19                  text19       006AC4
__ptext2                   text2        00713C
__ptext3                   text3        006672
__ptext4                   text4        0066B0
__ptext5                   text5        00681E
__ptext6                   text6        007384
__ptext7                   text7        0068D2
__ptext8                   text8        006870
__ptext9                   text9        006EF8
__ramtop                   ramtop       000800
__size_of_USART_Init       (abs)        000000
__size_of_USART_SendString (abs)        000000
__size_of_USART_TxChar     (abs)        000000
__size_of___altoft         (abs)        000000
__size_of___ftadd          (abs)        000000
__size_of___ftdiv          (abs)        000000
__size_of___ftpack         (abs)        000000
__size_of___fttol          (abs)        000000
__size_of___lwdiv          (abs)        000000
__size_of___wmul           (abs)        000000
__size_of_calc_chunk       (abs)        000000
__size_of_calc_sha_256     (abs)        000000
__size_of_hash_to_string   (abs)        000000
__size_of_init_buf_state   (abs)        000000
__size_of_isdigit          (abs)        000000
__size_of_main             (abs)        000000
__size_of_memcpy           (abs)        000000
__size_of_memset           (abs)        000000
__size_of_rotate_right     (abs)        000000
__size_of_sprintf          (abs)        000000
__smallconst               smallconst   000000
_calc_chunk                text9        006EF8
_calc_sha_256              text6        007384
_hash_to_string            text1        00677E
_hexpowers                 mediumconst  007FB7
_init_buf_state            text8        006870
_isdigit                   text3        006672
_isdigit$391               cstackCOMRAM 000002
_k                         mediumconst  007EB7
_main                      text0        006A2E
_memcpy                    text11       006738
_memset                    text10       0066D6
_rotate_right              text7        0068D2
_sprintf                   text2        00713C
_string                    mediumconst  007FBF
calc_chunk@chunk           cstackCOMRAM 00000C
calc_chunk@i               cstackCOMRAM 000018
calc_chunk@left            cstackCOMRAM 000012
calc_chunk@len             cstackCOMRAM 000014
calc_chunk@space_in_chunk  cstackCOMRAM 000016
calc_chunk@state           cstackCOMRAM 00000E
calc_sha_256@F4130         dataCOMRAM   000040
calc_sha_256@ah            cstackBANK2  000200
calc_sha_256@ch            cstackBANK0  0000CC
calc_sha_256@chunk         cstackBANK0  000060
calc_sha_256@h             cstackBANK0  0000A0
calc_sha_256@hash          cstackCOMRAM 00001A
calc_sha_256@i             cstackBANK0  0000EC
calc_sha_256@input         cstackCOMRAM 00001C
calc_sha_256@j             cstackCOMRAM 00003E
calc_sha_256@len           cstackCOMRAM 00001E
calc_sha_256@maj           cstackBANK0  0000D4
calc_sha_256@p             cstackBANK0  0000E0
calc_sha_256@s0            cstackBANK0  0000C0
calc_sha_256@s0_117        cstackBANK0  0000D0
calc_sha_256@s1            cstackBANK0  0000C4
calc_sha_256@s1_114        cstackBANK0  0000C8
calc_sha_256@state         cstackBANK0  0000E2
calc_sha_256@temp1         cstackBANK0  0000DC
calc_sha_256@temp2         cstackBANK0  0000D8
calc_sha_256@w             cstackBANK1  000100
end_of_initialization      cinit        00672E
hash_to_string@hash        cstackCOMRAM 000020
hash_to_string@i           cstackCOMRAM 000023
hash_to_string@string      cstackCOMRAM 00001E
init_buf_state@input       cstackCOMRAM 000003
init_buf_state@len         cstackCOMRAM 000005
init_buf_state@state       cstackCOMRAM 000001
intlevel0                  text         000000
intlevel1                  text         000000
intlevel2                  text         000000
intlevel3                  text         000000
isdigit@c                  cstackCOMRAM 000003
main@F4162                 bssBANK2     000287
main@hash                  cstackBANK2  000261
main@hash_string           cstackBANK2  000220
main@i                     cstackBANK2  000281
main@j                     cstackBANK2  000283
main@p_string              cstackBANK2  000285
memcpy@d                   cstackCOMRAM 000007
memcpy@d1                  cstackCOMRAM 000001
memcpy@n                   cstackCOMRAM 000005
memcpy@s                   cstackCOMRAM 000009
memcpy@s1                  cstackCOMRAM 000003
memcpy@tmp                 cstackCOMRAM 00000B
memset@c                   cstackCOMRAM 000003
memset@n                   cstackCOMRAM 000005
memset@p                   cstackCOMRAM 000007
memset@p1                  cstackCOMRAM 000001
rotate_right@count         cstackCOMRAM 000005
rotate_right@value         cstackCOMRAM 000001
sprintf@ap                 cstackCOMRAM 000012
sprintf@c                  cstackCOMRAM 00001D
sprintf@ccnt               cstackCOMRAM 000016
sprintf@f                  cstackCOMRAM 00000A
sprintf@flag               cstackCOMRAM 000015
sprintf@idx                cstackCOMRAM 000014
sprintf@prec               cstackCOMRAM 00001A
sprintf@sp                 cstackCOMRAM 000008
sprintf@val                cstackCOMRAM 000018
sprintf@width              cstackCOMRAM 00001B
stackhi                    (abs)        0007FF
stacklo                    (abs)        0002C8
start                      init         000000
start_initialization       cinit        006702


FUNCTION INFORMATION:

 *************** function _main *****************
 Defined at:
		line 297 in file "main.c"
 Parameters:    Size  Location     Type
		None
 Auto vars:     Size  Location     Type
  hash_string    65   32[BANK2 ] unsigned char [65]
  hash           32   97[BANK2 ] unsigned char [32]
  p_string        2  133[BANK2 ] PTR unsigned char 
		 -> string(16), 
  j               2  131[BANK2 ] int 
  i               2  129[BANK2 ] int 
 Return value:  Size  Location     Type
                  1    wreg      void 
 Registers used:
		wreg, fsr1l, fsr1h, fsr2l, fsr2h, status,2, status,0, tblptrl, tblptrh, tblptru, prodl, prodh, cstack
 Tracked objects:
		On entry : 
		On exit  : 
		Unchanged: 
 Data sizes:     COMRAM   BANK0   BANK1   BANK2   BANK3   BANK4   BANK5   BANK6   BANK7
      Params:         0       0       0       0       0       0       0       0       0
      Locals:         0       0       0     103       0       0       0       0       0
      Temps:          0       0       0       0       0       0       0       0       0
      Totals:         0       0       0     103       0       0       0       0       0
Total ram usage:      103 bytes
 Hardware stack levels required when called:    3
 This function calls:
		_USART_Init
		_USART_SendString
		_calc_sha_256
		_hash_to_string
 This function is called by:
		Startup code after reset
 This function uses a non-reentrant model


 *************** function _hash_to_string *****************
 Defined at:
		line 281 in file "main.c"
 Parameters:    Size  Location     Type
  string          2   29[COMRAM] PTR unsigned char 
		 -> main@hash_string(65), 
  hash            2   31[COMRAM] PTR const unsigned char 
		 -> main@hash(32), 
 Auto vars:     Size  Location     Type
  i               2   34[COMRAM] unsigned int 
 Return value:  Size  Location     Type
                  1    wreg      void 
 Registers used:
		wreg, fsr2l, fsr2h, status,2, status,0, tblptrl, tblptrh, tblptru, prodl, prodh, cstack
 Tracked objects:
		On entry : 
		On exit  : 
		Unchanged: 
 Data sizes:     COMRAM   BANK0   BANK1   BANK2   BANK3   BANK4   BANK5   BANK6   BANK7
      Params:         4       0       0       0       0       0       0       0       0
      Locals:         2       0       0       0       0       0       0       0       0
      Temps:          1       0       0       0       0       0       0       0       0
      Totals:         7       0       0       0       0       0       0       0       0
Total ram usage:        7 bytes
 Hardware stack levels used:    1
 Hardware stack levels required when called:    2
 This function calls:
		_sprintf
 This function is called by:
		_main
 This function uses a non-reentrant model


 *************** function _sprintf *****************
 Defined at:
		line 492 in file "C:\Program Files\Microchip\xc8\v1.45\sources\common\doprnt.c"
 Parameters:    Size  Location     Type
  sp              2    7[COMRAM] PTR unsigned char 
		 -> main@hash_string(65), 
  f               2    9[COMRAM] PTR const unsigned char 
		 -> STR_1(5), 
 Auto vars:     Size  Location     Type
  idx             1   19[COMRAM] unsigned char 
  tmpval          4    0        struct .
  cp              3    0        PTR const unsigned char 
  width           2   26[COMRAM] int 
  val             2   23[COMRAM] unsigned int 
  ccnt            2   21[COMRAM] int 
  ap              2   17[COMRAM] PTR void [1]
		 -> ?_sprintf(2), 
  len             2    0        unsigned int 
  c               1   28[COMRAM] char 
  prec            1   25[COMRAM] char 
  flag            1   20[COMRAM] unsigned char 
 Return value:  Size  Location     Type
                  2    7[COMRAM] int 
 Registers used:
		wreg, fsr2l, fsr2h, status,2, status,0, tblptrl, tblptrh, tblptru, prodl, prodh, cstack
 Tracked objects:
		On entry : 
		On exit  : 
		Unchanged: 
 Data sizes:     COMRAM   BANK0   BANK1   BANK2   BANK3   BANK4   BANK5   BANK6   BANK7
      Params:         6       0       0       0       0       0       0       0       0
      Locals:        12       0       0       0       0       0       0       0       0
      Temps:          4       0       0       0       0       0       0       0       0
      Totals:        22       0       0       0       0       0       0       0       0
Total ram usage:       22 bytes
 Hardware stack levels used:    1
 Hardware stack levels required when called:    1
 This function calls:
		___lwdiv
		___wmul
		_isdigit
 This function is called by:
		_hash_to_string
 This function uses a non-reentrant model


 *************** function _isdigit *****************
 Defined at:
		line 8 in file "C:\Program Files\Microchip\xc8\v1.45\sources\common\isdigit.c"
 Parameters:    Size  Location     Type
  c               1    wreg     unsigned char 
 Auto vars:     Size  Location     Type
  c               1    2[COMRAM] unsigned char 
 Return value:  Size  Location     Type
		None               void
 Registers used:
		wreg, status,2, status,0
 Tracked objects:
		On entry : 
		On exit  : 
		Unchanged: 
 Data sizes:     COMRAM   BANK0   BANK1   BANK2   BANK3   BANK4   BANK5   BANK6   BANK7
      Params:         0       0       0       0       0       0       0       0       0
      Locals:         2       0       0       0       0       0       0       0       0
      Temps:          1       0       0       0       0       0       0       0       0
      Totals:         3       0       0       0       0       0       0       0       0
Total ram usage:        3 bytes
 Hardware stack levels used:    1
 This function calls:
		Nothing
 This function is called by:
		_sprintf
 This function uses a non-reentrant model


 *************** function ___wmul *****************
 Defined at:
		line 15 in file "C:\Program Files\Microchip\xc8\v1.45\sources\common\Umul16.c"
 Parameters:    Size  Location     Type
  multiplier      2    0[COMRAM] unsigned int 
  multiplicand    2    2[COMRAM] unsigned int 
 Auto vars:     Size  Location     Type
  product         2    4[COMRAM] unsigned int 
 Return value:  Size  Location     Type
                  2    0[COMRAM] unsigned int 
 Registers used:
		wreg, status,2, status,0, prodl, prodh
 Tracked objects:
		On entry : 
		On exit  : 
		Unchanged: 
 Data sizes:     COMRAM   BANK0   BANK1   BANK2   BANK3   BANK4   BANK5   BANK6   BANK7
      Params:         4       0       0       0       0       0       0       0       0
      Locals:         2       0       0       0       0       0       0       0       0
      Temps:          0       0       0       0       0       0       0       0       0
      Totals:         6       0       0       0       0       0       0       0       0
Total ram usage:        6 bytes
 Hardware stack levels used:    1
 This function calls:
		Nothing
 This function is called by:
		_sprintf
 This function uses a non-reentrant model


 *************** function ___lwdiv *****************
 Defined at:
		line 8 in file "C:\Program Files\Microchip\xc8\v1.45\sources\common\lwdiv.c"
 Parameters:    Size  Location     Type
  dividend        2    0[COMRAM] unsigned int 
  divisor         2    2[COMRAM] unsigned int 
 Auto vars:     Size  Location     Type
  quotient        2    4[COMRAM] unsigned int 
  counter         1    6[COMRAM] unsigned char 
 Return value:  Size  Location     Type
                  2    0[COMRAM] unsigned int 
 Registers used:
		wreg, status,2, status,0
 Tracked objects:
		On entry : 
		On exit  : 
		Unchanged: 
 Data sizes:     COMRAM   BANK0   BANK1   BANK2   BANK3   BANK4   BANK5   BANK6   BANK7
      Params:         4       0       0       0       0       0       0       0       0
      Locals:         3       0       0       0       0       0       0       0       0
      Temps:          0       0       0       0       0       0       0       0       0
      Totals:         7       0       0       0       0       0       0       0       0
Total ram usage:        7 bytes
 Hardware stack levels used:    1
 This function calls:
		Nothing
 This function is called by:
		_sprintf
 This function uses a non-reentrant model


 *************** function _calc_sha_256 *****************
 Defined at:
		line 205 in file "main.c"
 Parameters:    Size  Location     Type
  hash            2   25[COMRAM] PTR unsigned char 
		 -> main@hash(32), 
  input           2   27[COMRAM] PTR const unsigned char 
		 -> string(16), 
  len             2   29[COMRAM] unsigned int 
 Auto vars:     Size  Location     Type
  temp1           4  124[BANK0 ] const unsigned long 
  temp2           4  120[BANK0 ] const unsigned long 
  maj             4  116[BANK0 ] const unsigned long 
  s0              4  112[BANK0 ] const unsigned long 
  ch              4  108[BANK0 ] const unsigned long 
  s1              4  104[BANK0 ] const unsigned long 
  s1              4  100[BANK0 ] const unsigned long 
  s0              4   96[BANK0 ] const unsigned long 
  w             256    0[BANK1 ] unsigned long [64]
  ah             32    0[BANK2 ] unsigned long [8]
  p               2  128[BANK0 ] PTR const unsigned char 
		 -> calc_sha_256@chunk(64), 
  chunk          64    0[BANK0 ] unsigned char [64]
  h              32   64[BANK0 ] unsigned long [8]
  state          10  130[BANK0 ] struct buffer_state
  i               2  140[BANK0 ] int 
  j               2   61[COMRAM] int 
 Return value:  Size  Location     Type
                  1    wreg      void 
 Registers used:
		wreg, fsr1l, fsr1h, fsr2l, fsr2h, status,2, status,0, tblptrl, tblptrh, tblptru, cstack
 Tracked objects:
		On entry : 
		On exit  : 
		Unchanged: 
 Data sizes:     COMRAM   BANK0   BANK1   BANK2   BANK3   BANK4   BANK5   BANK6   BANK7
      Params:         6       0       0       0       0       0       0       0       0
      Locals:         2     142     256      32       0       0       0       0       0
      Temps:         30       0       0       0       0       0       0       0       0
      Totals:        38     142     256      32       0       0       0       0       0
Total ram usage:      468 bytes
 Hardware stack levels used:    1
 Hardware stack levels required when called:    2
 This function calls:
		_calc_chunk
		_init_buf_state
		_memset
		_rotate_right
 This function is called by:
		_main
 This function uses a non-reentrant model


 *************** function _rotate_right *****************
 Defined at:
		line 138 in file "main.c"
 Parameters:    Size  Location     Type
  value           4    0[COMRAM] unsigned long 
  count           2    4[COMRAM] unsigned int 
 Auto vars:     Size  Location     Type
		None
 Return value:  Size  Location     Type
                  4    0[COMRAM] unsigned long 
 Registers used:
		wreg, status,2, status,0
 Tracked objects:
		On entry : 
		On exit  : 
		Unchanged: 
 Data sizes:     COMRAM   BANK0   BANK1   BANK2   BANK3   BANK4   BANK5   BANK6   BANK7
      Params:         6       0       0       0       0       0       0       0       0
      Locals:         0       0       0       0       0       0       0       0       0
      Temps:          9       0       0       0       0       0       0       0       0
      Totals:        15       0       0       0       0       0       0       0       0
Total ram usage:       15 bytes
 Hardware stack levels used:    1
 This function calls:
		Nothing
 This function is called by:
		_calc_sha_256
 This function uses a non-reentrant model


 *************** function _init_buf_state *****************
 Defined at:
		line 129 in file "main.c"
 Parameters:    Size  Location     Type
  state           2    0[COMRAM] PTR struct buffer_state
		 -> calc_sha_256@state(10), 
  input           2    2[COMRAM] PTR const void 
		 -> string(16), 
  len             2    4[COMRAM] unsigned int 
 Auto vars:     Size  Location     Type
		None
 Return value:  Size  Location     Type
                  1    wreg      void 
 Registers used:
		wreg, fsr2l, fsr2h, status,2, status,0
 Tracked objects:
		On entry : 
		On exit  : 
		Unchanged: 
 Data sizes:     COMRAM   BANK0   BANK1   BANK2   BANK3   BANK4   BANK5   BANK6   BANK7
      Params:         6       0       0       0       0       0       0       0       0
      Locals:         0       0       0       0       0       0       0       0       0
      Temps:          0       0       0       0       0       0       0       0       0
      Totals:         6       0       0       0       0       0       0       0       0
Total ram usage:        6 bytes
 Hardware stack levels used:    1
 This function calls:
		Nothing
 This function is called by:
		_calc_sha_256
 This function uses a non-reentrant model


 *************** function _calc_chunk *****************
 Defined at:
		line 143 in file "main.c"
 Parameters:    Size  Location     Type
  chunk           2   11[COMRAM] PTR unsigned char 
		 -> calc_sha_256@chunk(64), 
  state           2   13[COMRAM] PTR struct buffer_state
		 -> calc_sha_256@state(10), 
 Auto vars:     Size  Location     Type
  i               2   23[COMRAM] int 
  len             2   19[COMRAM] unsigned int 
  left            2   17[COMRAM] const unsigned int 
  space_in_chu    2   21[COMRAM] unsigned int 
 Return value:  Size  Location     Type
                  2   11[COMRAM] int 
 Registers used:
		wreg, fsr2l, fsr2h, status,2, status,0, tblptrl, tblptrh, tblptru, cstack
 Tracked objects:
		On entry : 
		On exit  : 
		Unchanged: 
 Data sizes:     COMRAM   BANK0   BANK1   BANK2   BANK3   BANK4   BANK5   BANK6   BANK7
      Params:         4       0       0       0       0       0       0       0       0
      Locals:         8       0       0       0       0       0       0       0       0
      Temps:          2       0       0       0       0       0       0       0       0
      Totals:        14       0       0       0       0       0       0       0       0
Total ram usage:       14 bytes
 Hardware stack levels used:    1
 Hardware stack levels required when called:    1
 This function calls:
		_memcpy
		_memset
 This function is called by:
		_calc_sha_256
 This function uses a non-reentrant model


 *************** function _memset *****************
 Defined at:
		line 8 in file "C:\Program Files\Microchip\xc8\v1.45\sources\common\memset.c"
 Parameters:    Size  Location     Type
  p1              2    0[COMRAM] PTR void 
		 -> calc_sha_256@w(256), calc_sha_256@chunk(64), 
  c               2    2[COMRAM] int 
  n               2    4[COMRAM] unsigned int 
 Auto vars:     Size  Location     Type
  p               2    6[COMRAM] PTR unsigned char 
		 -> calc_sha_256@w(256), calc_sha_256@chunk(64), 
 Return value:  Size  Location     Type
                  2    0[COMRAM] PTR void 
 Registers used:
		wreg, fsr2l, fsr2h, status,2, status,0
 Tracked objects:
		On entry : 
		On exit  : 
		Unchanged: 
 Data sizes:     COMRAM   BANK0   BANK1   BANK2   BANK3   BANK4   BANK5   BANK6   BANK7
      Params:         6       0       0       0       0       0       0       0       0
      Locals:         2       0       0       0       0       0       0       0       0
      Temps:          0       0       0       0       0       0       0       0       0
      Totals:         8       0       0       0       0       0       0       0       0
Total ram usage:        8 bytes
 Hardware stack levels used:    1
 This function calls:
		Nothing
 This function is called by:
		_calc_chunk
		_calc_sha_256
 This function uses a non-reentrant model


 *************** function _memcpy *****************
 Defined at:
		line 27 in file "C:\Program Files\Microchip\xc8\v1.45\sources\common\memcpy.c"
 Parameters:    Size  Location     Type
  d1              2    0[COMRAM] PTR void 
		 -> calc_sha_256@chunk(64), 
  s1              2    2[COMRAM] PTR const void 
		 -> string(16), 
  n               2    4[COMRAM] unsigned int 
 Auto vars:     Size  Location     Type
  s               2    8[COMRAM] PTR const unsigned char 
		 -> string(16), 
  d               2    6[COMRAM] PTR unsigned char 
		 -> calc_sha_256@chunk(64), 
  tmp             1   10[COMRAM] unsigned char 
 Return value:  Size  Location     Type
                  2    0[COMRAM] PTR void 
 Registers used:
		wreg, fsr2l, fsr2h, status,2, status,0, tblptrl, tblptrh, tblptru
 Tracked objects:
		On entry : 
		On exit  : 
		Unchanged: 
 Data sizes:     COMRAM   BANK0   BANK1   BANK2   BANK3   BANK4   BANK5   BANK6   BANK7
      Params:         6       0       0       0       0       0       0       0       0
      Locals:         5       0       0       0       0       0       0       0       0
      Temps:          0       0       0       0       0       0       0       0       0
      Totals:        11       0       0       0       0       0       0       0       0
Total ram usage:       11 bytes
 Hardware stack levels used:    1
 This function calls:
		Nothing
 This function is called by:
		_calc_chunk
 This function uses a non-reentrant model


 *************** function _USART_SendString *****************
 Defined at:
		line 81 in file "main.c"
 Parameters:    Size  Location     Type
  out             2    1[COMRAM] PTR const unsigned char 
		 -> STR_3(11), STR_2(14), main@hash_string(65), 
 Auto vars:     Size  Location     Type
		None
 Return value:  Size  Location     Type
                  1    wreg      void 
 Registers used:
		wreg, fsr1l, fsr1h, status,2, status,0, tblptrl, tblptrh, tblptru, cstack
 Tracked objects:
		On entry : 
		On exit  : 
		Unchanged: 
 Data sizes:     COMRAM   BANK0   BANK1   BANK2   BANK3   BANK4   BANK5   BANK6   BANK7
      Params:         2       0       0       0       0       0       0       0       0
      Locals:         0       0       0       0       0       0       0       0       0
      Temps:          0       0       0       0       0       0       0       0       0
      Totals:         2       0       0       0       0       0       0       0       0
Total ram usage:        2 bytes
 Hardware stack levels used:    1
 Hardware stack levels required when called:    1
 This function calls:
		_USART_TxChar
 This function is called by:
		_main
 This function uses a non-reentrant model


 *************** function _USART_TxChar *****************
 Defined at:
		line 74 in file "main.c"
 Parameters:    Size  Location     Type
  out             1    wreg     unsigned char 
 Auto vars:     Size  Location     Type
  out             1    0[COMRAM] unsigned char 
 Return value:  Size  Location     Type
                  1    wreg      void 
 Registers used:
		wreg
 Tracked objects:
		On entry : 
		On exit  : 
		Unchanged: 
 Data sizes:     COMRAM   BANK0   BANK1   BANK2   BANK3   BANK4   BANK5   BANK6   BANK7
      Params:         0       0       0       0       0       0       0       0       0
      Locals:         1       0       0       0       0       0       0       0       0
      Temps:          0       0       0       0       0       0       0       0       0
      Totals:         1       0       0       0       0       0       0       0       0
Total ram usage:        1 bytes
 Hardware stack levels used:    1
 This function calls:
		Nothing
 This function is called by:
		_USART_SendString
 This function uses a non-reentrant model


 *************** function _USART_Init *****************
 Defined at:
		line 63 in file "main.c"
 Parameters:    Size  Location     Type
  baud_rate       4   45[COMRAM] long 
 Auto vars:     Size  Location     Type
  temp            3   49[COMRAM] float 
 Return value:  Size  Location     Type
                  1    wreg      void 
 Registers used:
		wreg, status,2, status,0, cstack
 Tracked objects:
		On entry : 
		On exit  : 
		Unchanged: 
 Data sizes:     COMRAM   BANK0   BANK1   BANK2   BANK3   BANK4   BANK5   BANK6   BANK7
      Params:         4       0       0       0       0       0       0       0       0
      Locals:         3       0       0       0       0       0       0       0       0
      Temps:          0       0       0       0       0       0       0       0       0
      Totals:         7       0       0       0       0       0       0       0       0
Total ram usage:        7 bytes
 Hardware stack levels used:    1
 Hardware stack levels required when called:    2
 This function calls:
		___altoft
		___ftadd
		___ftdiv
		___fttol
 This function is called by:
		_main
 This function uses a non-reentrant model


 *************** function ___fttol *****************
 Defined at:
		line 44 in file "C:\Program Files\Microchip\xc8\v1.45\sources\common\fttol.c"
 Parameters:    Size  Location     Type
  f1              3    0[COMRAM] float 
 Auto vars:     Size  Location     Type
  lval            4   10[COMRAM] unsigned long 
  exp1            1   14[COMRAM] unsigned char 
  sign1           1    9[COMRAM] unsigned char 
 Return value:  Size  Location     Type
                  4    0[COMRAM] long 
 Registers used:
		wreg, status,2, status,0
 Tracked objects:
		On entry : 
		On exit  : 
		Unchanged: 
 Data sizes:     COMRAM   BANK0   BANK1   BANK2   BANK3   BANK4   BANK5   BANK6   BANK7
      Params:         4       0       0       0       0       0       0       0       0
      Locals:         6       0       0       0       0       0       0       0       0
      Temps:          5       0       0       0       0       0       0       0       0
      Totals:        15       0       0       0       0       0       0       0       0
Total ram usage:       15 bytes
 Hardware stack levels used:    1
 This function calls:
		Nothing
 This function is called by:
		_USART_Init
 This function uses a non-reentrant model


 *************** function ___ftdiv *****************
 Defined at:
		line 54 in file "C:\Program Files\Microchip\xc8\v1.45\sources\common\ftdiv.c"
 Parameters:    Size  Location     Type
  f1              3   18[COMRAM] float 
  f2              3   21[COMRAM] float 
 Auto vars:     Size  Location     Type
  f3              3   28[COMRAM] float 
  sign            1   32[COMRAM] unsigned char 
  exp             1   31[COMRAM] unsigned char 
  cntr            1   27[COMRAM] unsigned char 
 Return value:  Size  Location     Type
                  3   18[COMRAM] float 
 Registers used:
		wreg, status,2, status,0, cstack
 Tracked objects:
		On entry : 
		On exit  : 
		Unchanged: 
 Data sizes:     COMRAM   BANK0   BANK1   BANK2   BANK3   BANK4   BANK5   BANK6   BANK7
      Params:         6       0       0       0       0       0       0       0       0
      Locals:         6       0       0       0       0       0       0       0       0
      Temps:          3       0       0       0       0       0       0       0       0
      Totals:        15       0       0       0       0       0       0       0       0
Total ram usage:       15 bytes
 Hardware stack levels used:    1
 Hardware stack levels required when called:    1
 This function calls:
		___ftpack
 This function is called by:
		_USART_Init
 This function uses a non-reentrant model


 *************** function ___ftadd *****************
 Defined at:
		line 86 in file "C:\Program Files\Microchip\xc8\v1.45\sources\common\ftadd.c"
 Parameters:    Size  Location     Type
  f1              3   33[COMRAM] float 
  f2              3   36[COMRAM] float 
 Auto vars:     Size  Location     Type
  exp1            1   44[COMRAM] unsigned char 
  exp2            1   43[COMRAM] unsigned char 
  sign            1   42[COMRAM] unsigned char 
 Return value:  Size  Location     Type
                  3   33[COMRAM] float 
 Registers used:
		wreg, status,2, status,0, cstack
 Tracked objects:
		On entry : 
		On exit  : 
		Unchanged: 
 Data sizes:     COMRAM   BANK0   BANK1   BANK2   BANK3   BANK4   BANK5   BANK6   BANK7
      Params:         6       0       0       0       0       0       0       0       0
      Locals:         3       0       0       0       0       0       0       0       0
      Temps:          3       0       0       0       0       0       0       0       0
      Totals:        12       0       0       0       0       0       0       0       0
Total ram usage:       12 bytes
 Hardware stack levels used:    1
 Hardware stack levels required when called:    1
 This function calls:
		___ftpack
 This function is called by:
		_USART_Init
 This function uses a non-reentrant model


 *************** function ___altoft *****************
 Defined at:
		line 42 in file "C:\Program Files\Microchip\xc8\v1.45\sources\common\altoft.c"
 Parameters:    Size  Location     Type
  c               4    8[COMRAM] long 
 Auto vars:     Size  Location     Type
  sign            1   17[COMRAM] unsigned char 
  exp             1   16[COMRAM] unsigned char 
 Return value:  Size  Location     Type
                  3    8[COMRAM] float 
 Registers used:
		wreg, status,2, status,0, cstack
 Tracked objects:
		On entry : 
		On exit  : 
		Unchanged: 
 Data sizes:     COMRAM   BANK0   BANK1   BANK2   BANK3   BANK4   BANK5   BANK6   BANK7
      Params:         4       0       0       0       0       0       0       0       0
      Locals:         2       0       0       0       0       0       0       0       0
      Temps:          4       0       0       0       0       0       0       0       0
      Totals:        10       0       0       0       0       0       0       0       0
Total ram usage:       10 bytes
 Hardware stack levels used:    1
 Hardware stack levels required when called:    1
 This function calls:
		___ftpack
 This function is called by:
		_USART_Init
 This function uses a non-reentrant model


 *************** function ___ftpack *****************
 Defined at:
		line 62 in file "C:\Program Files\Microchip\xc8\v1.45\sources\common\float.c"
 Parameters:    Size  Location     Type
  arg             3    0[COMRAM] unsigned um
  exp             1    3[COMRAM] unsigned char 
  sign            1    4[COMRAM] unsigned char 
 Auto vars:     Size  Location     Type
		None
 Return value:  Size  Location     Type
                  3    0[COMRAM] float 
 Registers used:
		wreg, status,2, status,0
 Tracked objects:
		On entry : 
		On exit  : 
		Unchanged: 
 Data sizes:     COMRAM   BANK0   BANK1   BANK2   BANK3   BANK4   BANK5   BANK6   BANK7
      Params:         5       0       0       0       0       0       0       0       0
      Locals:         0       0       0       0       0       0       0       0       0
      Temps:          3       0       0       0       0       0       0       0       0
      Totals:         8       0       0       0       0       0       0       0       0
Total ram usage:        8 bytes
 Hardware stack levels used:    1
 This function calls:
		Nothing
 This function is called by:
		___altoft
		___ftadd
		___ftdiv
 This function uses a non-reentrant model



MODULE INFORMATION

Module		Function		Class		Link	Load	Size
C:\Program Files\Microchip\xc8\v1.45\sources\common\Umul16.c
		___wmul        		CODE           	66B0	0000	39

C:\Program Files\Microchip\xc8\v1.45\sources\common\Umul16.c estimated size: 39

C:\Program Files\Microchip\xc8\v1.45\sources\common\ftdiv.c
		___ftdiv       		CODE           	6B72	0000	231

C:\Program Files\Microchip\xc8\v1.45\sources\common\ftdiv.c estimated size: 231

C:\Program Files\Microchip\xc8\v1.45\sources\common\lwdiv.c
		___lwdiv       		CODE           	681E	0000	83

C:\Program Files\Microchip\xc8\v1.45\sources\common\lwdiv.c estimated size: 83

C:\Program Files\Microchip\xc8\v1.45\sources\common\isdigit.c
		_isdigit       		CODE           	6672	0000	31

C:\Program Files\Microchip\xc8\v1.45\sources\common\isdigit.c estimated size: 31

C:\Program Files\Microchip\xc8\v1.45\sources\common\fttol.c
		___fttol       		CODE           	6C58	0000	245

C:\Program Files\Microchip\xc8\v1.45\sources\common\fttol.c estimated size: 245

C:\Program Files\Microchip\xc8\v1.45\sources\common\altoft.c
		___altoft      		CODE           	693C	0000	121

C:\Program Files\Microchip\xc8\v1.45\sources\common\altoft.c estimated size: 121

C:\Program Files\Microchip\xc8\v1.45\sources\common\memset.c
		_memset        		CODE           	66D6	0000	45

C:\Program Files\Microchip\xc8\v1.45\sources\common\memset.c estimated size: 45

C:\Program Files\Microchip\xc8\v1.45\sources\common\ftadd.c
		___ftadd       		CODE           	6D4C	0000	429

C:\Program Files\Microchip\xc8\v1.45\sources\common\ftadd.c estimated size: 429

shared
		_string        		MEDIUMCONST    	7FBF	0000	17
		_k             		MEDIUMCONST    	7EB7	0000	257
		__initialization		CODE           	6702	0000	45
		_hexpowers     		MEDIUMCONST    	7FB7	0000	9

shared estimated size: 328

C:\Program Files\Microchip\xc8\v1.45\sources\common\doprnt.c
		_sprintf       		CODE           	713C	0000	585

C:\Program Files\Microchip\xc8\v1.45\sources\common\doprnt.c estimated size: 585

C:\Program Files\Microchip\xc8\v1.45\sources\common\float.c
		___ftpack      		CODE           	6AC4	0000	175

C:\Program Files\Microchip\xc8\v1.45\sources\common\float.c estimated size: 175

main.c
		_hash_to_string		CODE           	677E	0000	79
		_rotate_right  		CODE           	68D2	0000	107
		_main          		CODE           	6A2E	0000	151
		_calc_chunk    		CODE           	6EF8	0000	581
		_USART_TxChar  		CODE           	6666	0000	13
		_calc_sha_256  		CODE           	7384	0000	2867
		_init_buf_state		CODE           	6870	0000	99
		_USART_SendString		CODE           	67CC	0000	83
		_USART_Init    		CODE           	69B4	0000	123

main.c estimated size: 4103

C:\Program Files\Microchip\xc8\v1.45\sources\common\memcpy.c
		_memcpy        		CODE           	6738	0000	71

C:\Program Files\Microchip\xc8\v1.45\sources\common\memcpy.c estimated size: 71

