Microchip MPLAB XC8 Compiler V1.45 ()

Linker command line:

-W-3 --edf=C:\Program Files\Microchip\xc8\v1.45\dat\en_msgs.txt -cs \
  -h+dist/default/production\Sha256k.X.production.sym \
  --cmf=dist/default/production\Sha256k.X.production.cmf -z -Q18F45K50 \
  -oC:\Users\Aluno\AppData\Local\Temp\s4oo.2 \
  -Mdist/default/production/Sha256k.X.production.map -E1 -ver=XC8 \
  -ASTACK=02E8h-07ffh -pstack=STACK -ACODE=00h-07FFFh -ACONST=00h-07FFFh \
  -ASMALLCONST=0800h-08FFhx120 -AMEDIUMCONST=0800h-07FFFh -ACOMRAM=01h-05Fh \
  -AABS1=00h-07FFh -ABIGRAM=01h-07FFh -ARAM=060h-0FFh,0100h-01FFhx7 \
  -ABANK0=060h-0FFh -ABANK1=0100h-01FFh -ABANK2=0200h-02FFh \
  -ABANK3=0300h-03FFh -ABANK4=0400h-04FFh -ABANK5=0500h-05FFh \
  -ABANK6=0600h-06FFh -ABANK7=0700h-07FFh -ASFR=0F53h-0F5Fh,0F60h-0FFFh \
  -preset_vec=00h,intcode,intcodelo,powerup,init -pramtop=0800h \
  -psmallconst=SMALLCONST -pmediumconst=MEDIUMCONST -pconst=CONST \
  -AFARRAM=00h-00h -ACONFIG=0300000h-030000Dh -pconfig=CONFIG \
  -AIDLOC=0200000h-0200007h -pidloc=IDLOC -AEEDATA=0F00000h-0F000FFh \
  -peeprom_data=EEDATA \
  -prdata=COMRAM,nvrram=COMRAM,nvbit=COMRAM,rbss=COMRAM,rbit=COMRAM \
  -pfarbss=FARRAM,fardata=FARRAM,nvFARRAM=FARRAM \
  -pintsave_regs=BIGRAM,bigbss=BIGRAM,bigdata=BIGRAM -pbss=RAM \
  -pidata=CODE,irdata=CODE,ibigdata=CODE,ifardata=CODE -prparam=COMRAM \
  C:\Users\Aluno\AppData\Local\Temp\s4oo.obj \
  dist/default/production\Sha256k.X.production.obj 

Object code version is 3.11

Machine type is 18F45K50

Call graph: (short form)




                Name                               Link     Load   Length Selector   Space Scale
C:\Users\Aluno\AppData\Local\Temp\s4oo.obj
                init                                  0        0        4        0       0
                idloc                            200000   200000        8   200000       0
                config                           300000   300000        E   300000       0
dist/default/production\Sha256k.X.production.obj
                mediumconst                        7EB8     7EB8      148     3F5C       0
                text19                             67E6     67E6       16     33F3       0
                text18                             67D4     67D4       12     33EA       0
                text17                             68F8     68F8       3E     347C       0
                text16                             67C6     67C6        E     33E3       0
                text15                             6936     6936       46     349B       0
                text14                             6860     6860       2C     3430       0
                text13                             6BD4     6BD4      244     35EA       0
                text12                             6A7A     6A7A       62     353D       0
                text11                             6ADC     6ADC       6A     356E       0
                text10                             7386     7386      B32     39C3       0
                text9                              69CA     69CA       52     34E5       0
                text8                              683A     683A       26     341D       0
                text7                              67FC     67FC       1E     33FE       0
                text6                              67BA     67BA        C     33DD       0
                text5                              67B0     67B0        A     33D8       0
                text4                              6E18     6E18      56E     370C       0
                text3                              6A1C     6A1C       5E     350E       0
                text2                              697C     697C       4E     34BE       0
                text1                              688C     688C       36     3446       0
                text0                              6B46     6B46       8E     35A3       0
                cstackCOMRAM                          1        1       41        1       1
                cstackBANK0                          60       60       8E       60       1
                cstackBANK1                         100      100      100      100       1
                cstackBANK2                         200      200       87      200       1
                dataBANK2                           2C8      2C8       20      200       1
                bssBANK2                            287      287       41      200       1
                cinit                              68C2     68C2       36     3461       0
                idataBANK2                         681A     681A       20     681A       0

TOTAL           Name                               Link     Load   Length     Space
        CLASS   STACK          

        CLASS   CODE           
                init                                  0        0        4         0
                text19                             67E6     67E6       16         0
                text18                             67D4     67D4       12         0
                text17                             68F8     68F8       3E         0
                text16                             67C6     67C6        E         0
                text15                             6936     6936       46         0
                text14                             6860     6860       2C         0
                text13                             6BD4     6BD4      244         0
                text12                             6A7A     6A7A       62         0
                text11                             6ADC     6ADC       6A         0
                text10                             7386     7386      B32         0
                text9                              69CA     69CA       52         0
                text8                              683A     683A       26         0
                text7                              67FC     67FC       1E         0
                text6                              67BA     67BA        C         0
                text5                              67B0     67B0        A         0
                text4                              6E18     6E18      56E         0
                text3                              6A1C     6A1C       5E         0
                text2                              697C     697C       4E         0
                text1                              688C     688C       36         0
                text0                              6B46     6B46       8E         0
                cinit                              68C2     68C2       36         0
                idataBANK2                         681A     681A       20         0

        CLASS   CONST          

        CLASS   SMALLCONST     

        CLASS   MEDIUMCONST    
                mediumconst                        7EB8     7EB8      148         0

        CLASS   COMRAM         
                cstackCOMRAM                          1        1       41         1

        CLASS   ABS1           

        CLASS   BIGRAM         

        CLASS   RAM            

        CLASS   BANK0          
                cstackBANK0                          60       60       8E         1

        CLASS   BANK1          
                cstackBANK1                         100      100      100         1

        CLASS   BANK2          
                cstackBANK2                         200      200       87         1
                dataBANK2                           2C8      2C8       20         1
                bssBANK2                            287      287       41         1

        CLASS   BANK3          

        CLASS   BANK4          

        CLASS   BANK5          

        CLASS   BANK6          

        CLASS   BANK7          

        CLASS   SFR            

        CLASS   FARRAM         

        CLASS   CONFIG         
                config                           300000   300000        E         0

        CLASS   IDLOC          
                idloc                            200000   200000        8         0

        CLASS   EEDATA         



SEGMENTS        Name                           Load    Length   Top    Selector   Space  Class

                reset_vec                      000000  000004  000004         0       0  CODE    
                cstackCOMRAM                   000001  000041  000042         1       1  COMRAM  
                cstackBANK0                    000060  00008E  0000EE        60       1  BANK0   
                cstackBANK1                    000100  000100  000200       100       1  BANK1   
                cstackBANK2                    000200  0000E8  0002E8       200       1  BANK2   
                text5                          0067B0  00000A  0067BA      33D8       0  CODE    
                text6                          0067BA  00000C  0067C6      33DD       0  CODE    
                text16                         0067C6  00000E  0067D4      33E3       0  CODE    
                text18                         0067D4  000012  0067E6      33EA       0  CODE    
                text19                         0067E6  000016  0067FC      33F3       0  CODE    
                text7                          0067FC  00001E  00681A      33FE       0  CODE    
                idataBANK2                     00681A  000020  00683A      681A       0  CODE    
                text8                          00683A  000026  006860      341D       0  CODE    
                text14                         006860  00002C  00688C      3430       0  CODE    
                text1                          00688C  000036  0068C2      3446       0  CODE    
                cinit                          0068C2  000036  0068F8      3461       0  CODE    
                text17                         0068F8  00003E  006936      347C       0  CODE    
                text15                         006936  000046  00697C      349B       0  CODE    
                text2                          00697C  00004E  0069CA      34BE       0  CODE    
                text9                          0069CA  000052  006A1C      34E5       0  CODE    
                text3                          006A1C  00005E  006A7A      350E       0  CODE    
                text12                         006A7A  000062  006ADC      353D       0  CODE    
                text11                         006ADC  00006A  006B46      356E       0  CODE    
                text0                          006B46  00008E  006BD4      35A3       0  CODE    
                text13                         006BD4  000244  006E18      35EA       0  CODE    
                text4                          006E18  00056E  007386      370C       0  CODE    
                text10                         007386  000B32  007EB8      39C3       0  CODE    
                mediumconst                    007EB8  000148  008000      3F5C       0  MEDIUMCO
                idloc                          200000  000008  200008    200000       0  IDLOC   
                config                         300000  00000E  30000E    300000       0  CONFIG  


UNUSED ADDRESS RANGES

        Name                Unused          Largest block    Delta
        BANK0            0000EE-0000FF               12
        BANK2            0002E8-0002FF               18
        BANK3            000300-0003FF              100
        BANK4            000400-0004FF              100
        BANK5            000500-0005FF              100
        BANK6            000600-0006FF              100
        BANK7            000700-0007FF              100
        BIGRAM           000042-00005F               1E
                         0000EE-0000FF               12
                         0002E8-0007FF              518
        CODE             000004-0067AF             67AC
        COMRAM           000042-00005F               1E
        CONST            000004-0067AF             67AC
        EEDATA           F00000-F000FF              100
        MEDIUMCONST      000800-0067AF             5FB0
        RAM              0000EE-0000FF               12
                         0002E8-0007FF              100
        SFR              000F53-000FFF                D
        SMALLCONST       000800-0067AF              100
        STACK            0002E8-0007FF              518

                                  Symbol Table

?___lwdiv                        cstackCOMRAM 000001
?___wmul                         cstackCOMRAM 000001
?__doprnt                        cstackCOMRAM 000008
?_calc_chunk                     cstackCOMRAM 00000C
?_printf                         cstackCOMRAM 000020
?_rotate_right                   cstackCOMRAM 000001
?_sprintf                        cstackCOMRAM 000020
EUSART1_Write@txData             cstackCOMRAM 000001
_ACTCON                          (abs)        000FB5
_ANSELA                          (abs)        000F5B
_ANSELB                          (abs)        000F5C
_ANSELC                          (abs)        000F5D
_ANSELD                          (abs)        000F5E
_ANSELE                          (abs)        000F5F
_BAUDCON1                        (abs)        000FB8
_EUSART1_Initialize              text19       0067E6
_EUSART1_Write                   text6        0067BA
_INTCON2bits                     (abs)        000FF1
_LATA                            (abs)        000F89
_LATB                            (abs)        000F8A
_LATC                            (abs)        000F8B
_LATD                            (abs)        000F8C
_LATE                            (abs)        000F8D
_OSCCON                          (abs)        000FD3
_OSCCON2                         (abs)        000FD2
_OSCILLATOR_Initialize           text18       0067D4
_OSCTUNE                         (abs)        000F9B
_PIN_MANAGER_Initialize          text17       0068F8
_PIR1bits                        (abs)        000F9E
_RCREG1                          (abs)        000FAE
_RCSTA1                          (abs)        000FAB
_RCSTA1bits                      (abs)        000FAB
_SPBRG1                          (abs)        000FAF
_SPBRGH1                         (abs)        000FB0
_SYSTEM_Initialize               text16       0067C6
_TRISA                           (abs)        000F92
_TRISB                           (abs)        000F93
_TRISC                           (abs)        000F94
_TRISD                           (abs)        000F95
_TRISE                           (abs)        000F96
_TXREG1                          (abs)        000FAD
_TXSTA1                          (abs)        000FAC
_TXSTA1bits                      (abs)        000FAC
_WPUB                            (abs)        000F85
__CFG_BOREN$SBORDIS              (abs)        000000
__CFG_BORV$190                   (abs)        000000
__CFG_CCP2MX$RC1                 (abs)        000000
__CFG_CFGPLLEN$OFF               (abs)        000000
__CFG_CP0$OFF                    (abs)        000000
__CFG_CP1$OFF                    (abs)        000000
__CFG_CP2$OFF                    (abs)        000000
__CFG_CP3$OFF                    (abs)        000000
__CFG_CPB$OFF                    (abs)        000000
__CFG_CPD$OFF                    (abs)        000000
__CFG_CPUDIV$NOCLKDIV            (abs)        000000
__CFG_DEBUG$OFF                  (abs)        000000
__CFG_EBTR0$OFF                  (abs)        000000
__CFG_EBTR1$OFF                  (abs)        000000
__CFG_EBTR2$OFF                  (abs)        000000
__CFG_EBTR3$OFF                  (abs)        000000
__CFG_EBTRB$OFF                  (abs)        000000
__CFG_FCMEN$OFF                  (abs)        000000
__CFG_FOSC$INTOSCIO              (abs)        000000
__CFG_ICPRT$OFF                  (abs)        000000
__CFG_IESO$OFF                   (abs)        000000
__CFG_LS48MHZ$SYS24X4            (abs)        000000
__CFG_LVP$ON                     (abs)        000000
__CFG_MCLRE$ON                   (abs)        000000
__CFG_PBADEN$ON                  (abs)        000000
__CFG_PCLKEN$ON                  (abs)        000000
__CFG_PLLSEL$PLL4X               (abs)        000000
__CFG_SDOMX$RB3                  (abs)        000000
__CFG_STVREN$ON                  (abs)        000000
__CFG_T3CMX$RC0                  (abs)        000000
__CFG_WDTEN$OFF                  (abs)        000000
__CFG_WDTPS$32768                (abs)        000000
__CFG_WRT0$OFF                   (abs)        000000
__CFG_WRT1$OFF                   (abs)        000000
__CFG_WRT2$OFF                   (abs)        000000
__CFG_WRT3$OFF                   (abs)        000000
__CFG_WRTB$OFF                   (abs)        000000
__CFG_WRTC$OFF                   (abs)        000000
__CFG_WRTD$OFF                   (abs)        000000
__CFG_XINST$OFF                  (abs)        000000
__CFG_nLPBOR$OFF                 (abs)        000000
__CFG_nPWRTEN$OFF                (abs)        000000
__HRAM                           (abs)        000000
__Habs1                          abs1         000000
__Hbank0                         bank0        000000
__Hbank1                         bank1        000000
__Hbank2                         bank2        000000
__Hbank3                         bank3        000000
__Hbank4                         bank4        000000
__Hbank5                         bank5        000000
__Hbank6                         bank6        000000
__Hbank7                         bank7        000000
__Hbigbss                        bigbss       000000
__Hbigdata                       bigdata      000000
__Hbigram                        bigram       000000
__Hbss                           bss          000000
__HbssBANK2                      bssBANK2     000000
__Hcinit                         cinit        000000
__Hclrtext                       clrtext      000000
__Hcomram                        comram       000000
__Hconfig                        config       30000E
__Hconst                         const        000000
__HcstackBANK0                   cstackBANK0  000000
__HcstackBANK1                   cstackBANK1  000000
__HcstackBANK2                   cstackBANK2  000000
__HcstackCOMRAM                  cstackCOMRAM 000000
__Hdata                          data         000000
__HdataBANK2                     dataBANK2    000000
__Heeprom_data                   eeprom_data  000000
__Hfarbss                        farbss       000000
__Hfardata                       fardata      000000
__Hibigdata                      ibigdata     000000
__Hidata                         idata        000000
__HidataBANK2                    idataBANK2   000000
__Hidloc                         idloc        200008
__Hifardata                      ifardata     000000
__Hinit                          init         000004
__Hintcode                       intcode      000000
__Hintcode_body                  intcode_body 000000
__Hintcodelo                     intcodelo    000000
__Hintentry                      intentry     000000
__Hintret                        intret       000000
__Hintsave_regs                  intsave_regs 000000
__Hirdata                        irdata       000000
__Hmediumconst                   mediumconst  008000
__HnvFARRAM                      nvFARRAM     000000
__Hnvbit                         nvbit        000000
__Hnvrram                        nvrram       000000
__Hparam                         rparam       000000
__Hpowerup                       powerup      000000
__Hram                           ram          000000
__Hramtop                        ramtop       000800
__Hrbit                          rbit         000000
__Hrbss                          rbss         000000
__Hrdata                         rdata        000000
__Hreset_vec                     reset_vec    000000
__Hrparam                        rparam       000000
__Hsfr                           sfr          000000
__Hsmallconst                    smallconst   000000
__Hspace_0                       (abs)        30000E
__Hspace_1                       (abs)        0002E8
__Hspace_2                       (abs)        000000
__Hstack                         stack        000000
__Hstruct                        struct       000000
__Htemp                          temp         000000
__Htext                          text         000000
__Htext0                         text0        000000
__Htext1                         text1        000000
__Htext10                        text10       000000
__Htext11                        text11       000000
__Htext12                        text12       000000
__Htext13                        text13       000000
__Htext14                        text14       000000
__Htext15                        text15       000000
__Htext16                        text16       000000
__Htext17                        text17       000000
__Htext18                        text18       000000
__Htext19                        text19       000000
__Htext2                         text2        000000
__Htext20                        text20       000000
__Htext3                         text3        000000
__Htext4                         text4        000000
__Htext5                         text5        000000
__Htext6                         text6        000000
__Htext7                         text7        000000
__Htext8                         text8        000000
__Htext9                         text9        000000
__LRAM                           (abs)        000001
__Labs1                          abs1         000000
__Lbank0                         bank0        000000
__Lbank1                         bank1        000000
__Lbank2                         bank2        000000
__Lbank3                         bank3        000000
__Lbank4                         bank4        000000
__Lbank5                         bank5        000000
__Lbank6                         bank6        000000
__Lbank7                         bank7        000000
__Lbigbss                        bigbss       000000
__Lbigdata                       bigdata      000000
__Lbigram                        bigram       000000
__Lbss                           bss          000000
__LbssBANK2                      bssBANK2     000000
__Lcinit                         cinit        000000
__Lclrtext                       clrtext      000000
__Lcomram                        comram       000000
__Lconfig                        config       300000
__Lconst                         const        000000
__LcstackBANK0                   cstackBANK0  000000
__LcstackBANK1                   cstackBANK1  000000
__LcstackBANK2                   cstackBANK2  000000
__LcstackCOMRAM                  cstackCOMRAM 000000
__Ldata                          data         000000
__LdataBANK2                     dataBANK2    000000
__Leeprom_data                   eeprom_data  000000
__Lfarbss                        farbss       000000
__Lfardata                       fardata      000000
__Libigdata                      ibigdata     000000
__Lidata                         idata        000000
__LidataBANK2                    idataBANK2   000000
__Lidloc                         idloc        200000
__Lifardata                      ifardata     000000
__Linit                          init         000000
__Lintcode                       intcode      000000
__Lintcode_body                  intcode_body 000000
__Lintcodelo                     intcodelo    000000
__Lintentry                      intentry     000000
__Lintret                        intret       000000
__Lintsave_regs                  intsave_regs 000000
__Lirdata                        irdata       000000
__Lmediumconst                   mediumconst  007EB8
__LnvFARRAM                      nvFARRAM     000000
__Lnvbit                         nvbit        000000
__Lnvrram                        nvrram       000000
__Lparam                         rparam       000000
__Lpowerup                       powerup      000000
__Lram                           ram          000000
__Lramtop                        ramtop       000800
__Lrbit                          rbit         000000
__Lrbss                          rbss         000000
__Lrdata                         rdata        000000
__Lreset_vec                     reset_vec    000000
__Lrparam                        rparam       000000
__Lsfr                           sfr          000000
__Lsmallconst                    smallconst   000000
__Lspace_0                       (abs)        000000
__Lspace_1                       (abs)        000000
__Lspace_2                       (abs)        000000
__Lstack                         stack        000000
__Lstruct                        struct       000000
__Ltemp                          temp         000000
__Ltext                          text         000000
__Ltext0                         text0        000000
__Ltext1                         text1        000000
__Ltext10                        text10       000000
__Ltext11                        text11       000000
__Ltext12                        text12       000000
__Ltext13                        text13       000000
__Ltext14                        text14       000000
__Ltext15                        text15       000000
__Ltext16                        text16       000000
__Ltext17                        text17       000000
__Ltext18                        text18       000000
__Ltext19                        text19       000000
__Ltext2                         text2        000000
__Ltext20                        text20       000000
__Ltext3                         text3        000000
__Ltext4                         text4        000000
__Ltext5                         text5        000000
__Ltext6                         text6        000000
__Ltext7                         text7        000000
__Ltext8                         text8        000000
__Ltext9                         text9        000000
__S0                             (abs)        30000E
__S1                             (abs)        0002E8
__S2                             (abs)        000000
___inthi_sp                      stack        000000
___intlo_sp                      stack        000000
___lwdiv                         text9        0069CA
___lwdiv@counter                 cstackCOMRAM 000007
___lwdiv@dividend                cstackCOMRAM 000001
___lwdiv@divisor                 cstackCOMRAM 000003
___lwdiv@quotient                cstackCOMRAM 000005
___param_bank                    (abs)        000000
___rparam_used                   (abs)        000001
___sp                            stack        000000
___wmul                          text8        00683A
___wmul@multiplicand             cstackCOMRAM 000003
___wmul@multiplier               cstackCOMRAM 000001
___wmul@product                  cstackCOMRAM 000005
__accesstop                      (abs)        000060
__activetblptr                   (abs)        000002
__doprnt                         text4        006E18
__doprnt@ap                      cstackCOMRAM 00000C
__doprnt@c                       cstackCOMRAM 00001F
__doprnt@ccnt                    cstackCOMRAM 000017
__doprnt@cp                      cstackCOMRAM 00001B
__doprnt@f                       cstackCOMRAM 00000A
__doprnt@flag                    cstackCOMRAM 000013
__doprnt@idx                     cstackCOMRAM 000012
__doprnt@len                     cstackCOMRAM 000019
__doprnt@pb                      cstackCOMRAM 000008
__doprnt@prec                    cstackCOMRAM 000016
__doprnt@val                     cstackCOMRAM 000014
__doprnt@width                   cstackCOMRAM 00001D
__end_of_EUSART1_Initialize      text19       0067FC
__end_of_EUSART1_Write           text6        0067C6
__end_of_OSCILLATOR_Initialize   text18       0067E6
__end_of_PIN_MANAGER_Initialize  text17       006936
__end_of_SYSTEM_Initialize       text16       0067D4
__end_of___lwdiv                 text9        006A1C
__end_of___wmul                  text8        006860
__end_of__doprnt                 text4        007386
__end_of__initialization         cinit        0068EE
__end_of_calc_chunk              text13       006E18
__end_of_calc_sha_256            text10       007EB8
__end_of_hash_to_string          text2        0069CA
__end_of_hexpowers               mediumconst  007FC1
__end_of_init_buf_state          text12       006ADC
__end_of_isdigit                 text7        00681A
__end_of_k                       mediumconst  007FB9
__end_of_main                    text0        006BD4
__end_of_memcpy                  text15       00697C
__end_of_memset                  text14       00688C
__end_of_printf                  text1        0068C2
__end_of_putch                   text5        0067BA
__end_of_rotate_right            text11       006B46
__end_of_sprintf                 text3        006A7A
__end_of_string                  mediumconst  007FD1
__initialization                 cinit        0068C2
__mediumconst                    mediumconst  007EB8
__pbssBANK2                      bssBANK2     000287
__pcinit                         cinit        0068C2
__pcstackBANK0                   cstackBANK0  000060
__pcstackBANK1                   cstackBANK1  000100
__pcstackBANK2                   cstackBANK2  000200
__pcstackCOMRAM                  cstackCOMRAM 000001
__pdataBANK2                     dataBANK2    0002C8
__pidataBANK2                    idataBANK2   00681A
__pmediumconst                   mediumconst  007EB8
__ptext0                         text0        006B46
__ptext1                         text1        00688C
__ptext10                        text10       007386
__ptext11                        text11       006ADC
__ptext12                        text12       006A7A
__ptext13                        text13       006BD4
__ptext14                        text14       006860
__ptext15                        text15       006936
__ptext16                        text16       0067C6
__ptext17                        text17       0068F8
__ptext18                        text18       0067D4
__ptext19                        text19       0067E6
__ptext2                         text2        00697C
__ptext20                        text20       000000
__ptext3                         text3        006A1C
__ptext4                         text4        006E18
__ptext5                         text5        0067B0
__ptext6                         text6        0067BA
__ptext7                         text7        0067FC
__ptext8                         text8        00683A
__ptext9                         text9        0069CA
__ramtop                         ramtop       000800
__size_of_EUSART1_Initialize     (abs)        000000
__size_of_EUSART1_Write          (abs)        000000
__size_of_OSCILLATOR_Initialize  (abs)        000000
__size_of_PIN_MANAGER_Initialize (abs)        000000
__size_of_SYSTEM_Initialize      (abs)        000000
__size_of___lwdiv                (abs)        000000
__size_of___wmul                 (abs)        000000
__size_of__doprnt                (abs)        000000
__size_of_calc_chunk             (abs)        000000
__size_of_calc_sha_256           (abs)        000000
__size_of_hash_to_string         (abs)        000000
__size_of_init_buf_state         (abs)        000000
__size_of_isdigit                (abs)        000000
__size_of_main                   (abs)        000000
__size_of_memcpy                 (abs)        000000
__size_of_memset                 (abs)        000000
__size_of_printf                 (abs)        000000
__size_of_putch                  (abs)        000000
__size_of_rotate_right           (abs)        000000
__size_of_sprintf                (abs)        000000
__smallconst                     smallconst   000000
_calc_chunk                      text13       006BD4
_calc_sha_256                    text10       007386
_hash_to_string                  text2        00697C
_hexpowers                       mediumconst  007FB9
_init_buf_state                  text12       006A7A
_isdigit                         text7        0067FC
_isdigit$694                     cstackCOMRAM 000002
_k                               mediumconst  007EB9
_main                            text0        006B46
_memcpy                          text15       006936
_memset                          text14       006860
_printf                          text1        00688C
_putch                           text5        0067B0
_rotate_right                    text11       006ADC
_sprintf                         text3        006A1C
_string                          mediumconst  007FC1
calc_chunk@chunk                 cstackCOMRAM 00000C
calc_chunk@i                     cstackCOMRAM 000018
calc_chunk@left                  cstackCOMRAM 000012
calc_chunk@len                   cstackCOMRAM 000014
calc_chunk@space_in_chunk        cstackCOMRAM 000016
calc_chunk@state                 cstackCOMRAM 00000E
calc_sha_256@F6069               dataBANK2    0002C8
calc_sha_256@ah                  cstackBANK2  000200
calc_sha_256@ch                  cstackBANK0  0000CC
calc_sha_256@chunk               cstackBANK0  000060
calc_sha_256@h                   cstackBANK0  0000A0
calc_sha_256@hash                cstackCOMRAM 00001A
calc_sha_256@i                   cstackBANK0  0000EC
calc_sha_256@input               cstackCOMRAM 00001C
calc_sha_256@j                   cstackCOMRAM 00003E
calc_sha_256@len                 cstackCOMRAM 00001E
calc_sha_256@maj                 cstackBANK0  0000D4
calc_sha_256@p                   cstackBANK0  0000E0
calc_sha_256@s0                  cstackBANK0  0000C0
calc_sha_256@s0_409              cstackBANK0  0000D0
calc_sha_256@s1                  cstackBANK0  0000C4
calc_sha_256@s1_406              cstackBANK0  0000C8
calc_sha_256@state               cstackBANK0  0000E2
calc_sha_256@temp1               cstackBANK0  0000DC
calc_sha_256@temp2               cstackBANK0  0000D8
calc_sha_256@w                   cstackBANK1  000100
end_of_initialization            cinit        0068EE
hash_to_string@hash              cstackCOMRAM 000030
hash_to_string@i                 cstackCOMRAM 000033
hash_to_string@string            cstackCOMRAM 00002E
init_buf_state@input             cstackCOMRAM 000003
init_buf_state@len               cstackCOMRAM 000005
init_buf_state@state             cstackCOMRAM 000001
intlevel0                        text         000000
intlevel1                        text         000000
intlevel2                        text         000000
intlevel3                        text         000000
isdigit@c                        cstackCOMRAM 000003
main@F6102                       bssBANK2     000287
main@hash                        cstackBANK2  000261
main@hash_string                 cstackBANK2  000220
main@i                           cstackBANK2  000281
main@j                           cstackBANK2  000283
main@p_string                    cstackBANK2  000285
memcpy@d                         cstackCOMRAM 000007
memcpy@d1                        cstackCOMRAM 000001
memcpy@n                         cstackCOMRAM 000005
memcpy@s                         cstackCOMRAM 000009
memcpy@s1                        cstackCOMRAM 000003
memcpy@tmp                       cstackCOMRAM 00000B
memset@c                         cstackCOMRAM 000003
memset@n                         cstackCOMRAM 000005
memset@p                         cstackCOMRAM 000007
memset@p1                        cstackCOMRAM 000001
printf@ap                        cstackCOMRAM 000024
printf@f                         cstackCOMRAM 000020
printf@pb                        cstackCOMRAM 000026
putch@txData                     cstackCOMRAM 000002
rotate_right@count               cstackCOMRAM 000005
rotate_right@value               cstackCOMRAM 000001
sprintf@ap                       cstackCOMRAM 000028
sprintf@f                        cstackCOMRAM 000022
sprintf@pb                       cstackCOMRAM 00002A
sprintf@wh                       cstackCOMRAM 000020
stackhi                          (abs)        0007FF
stacklo                          (abs)        0002E8
start                            init         000000
start_initialization             cinit        0068C2
